---
title: 阿里云数据盘初始化
date: 2017-07-21 11:28:57
categories: Linux
tags:
- Shell
- 计算机基础
---

如今一个互联网创业公司开始时已经不需要自己买物理服务器，然后找己方托管。而是直接在云服务上购买云主机，国内最常用的就是[阿里云](https://www.aliyun.com/a)，国外就是[亚马逊云](https://aws.amazon.com)。

在云平台选择硬盘信息时，默认需要指定 **系统盘** 的硬盘类型以及大小。如果觉得应用数据量大，下面有添加 **数据盘** 的选项，再根据需要，添加合适的数据盘个数以及大小。

整套配置选完后，购买支付结束，1~5分钟之内一台云主机实例就创建完毕。这时候，你远程登录后，执行`df -h`发现只有`/dev/vda1`系统盘挂载在`/`，没有看到你购买的数据盘。

~~~Shell
[root@demo ~]# df -h
文件系统        容量  已用  可用 已用% 挂载点
/dev/vda1        55G  1.5G   50G    3% /
devtmpfs        1.9G     0  1.9G    0% /dev
tmpfs           1.9G     0  1.9G    0% /dev/shm
tmpfs           1.9G  312K  1.9G    1% /run
tmpfs           1.9G     0  1.9G    0% /sys/fs/cgroup
tmpfs           380M     0  380M    0% /run/user/0
~~~

从这里就能看出，系统盘在云主机实例初始化过程中会自动分区格式化并挂载到根目录`/`下，但是数据盘并没有进行初始化。所以，我们远程登录后要做的第一件事情就是挂载数据盘，以下是操作步骤。

## 1. 查看当前的磁盘情况

~~~shell
[root@demo ~]# fdisk -l

磁盘 /dev/vda：59.1 GB, 59055800320 字节，115343360 个扇区
Units = 扇区 of 1 * 512 = 512 bytes
扇区大小(逻辑/物理)：512 字节 / 512 字节
I/O 大小(最小/最佳)：512 字节 / 512 字节
磁盘标签类型：dos
磁盘标识符：0x0000efd2

   设备 Boot      Start         End      Blocks   Id  System
/dev/vda1   *        2048   115341311    57669632   83  Linux

磁盘 /dev/vdb：123.5 GB, 123480309760 字节，241172480 个扇区
Units = 扇区 of 1 * 512 = 512 bytes
扇区大小(逻辑/物理)：512 字节 / 512 字节
I/O 大小(最小/最佳)：512 字节 / 512 字节
~~~

这里发现数据盘是`/dev/vdb`

## 2. 基于上面的磁盘信息，对数据盘进行分区

~~~Shell
[root@demo ~]# fdisk -S 56 /dev/vdb
欢迎使用 fdisk (util-linux 2.23.2)。

更改将停留在内存中，直到您决定将更改写入磁盘。
使用写入命令前请三思。

Device does not contain a recognized partition table
使用磁盘标识符 0xb714020b 创建新的 DOS 磁盘标签。

命令(输入 m 获取帮助)：m
命令操作
   a   toggle a bootable flag
   b   edit bsd disklabel
   c   toggle the dos compatibility flag
   d   delete a partition
   g   create a new empty GPT partition table
   G   create an IRIX (SGI) partition table
   l   list known partition types
   m   print this menu
   n   add a new partition
   o   create a new empty DOS partition table
   p   print the partition table
   q   quit without saving changes
   s   create a new empty Sun disklabel
   t   change a partition's system id
   u   change display/entry units
   v   verify the partition table
   w   write table to disk and exit
   x   extra functionality (experts only)

命令(输入 m 获取帮助)：n
Partition type:
   p   primary (0 primary, 0 extended, 4 free)
   e   extended
Select (default p): p
分区号 (1-4，默认 1)：1
起始 扇区 (2048-241172479，默认为 2048)：
将使用默认值 2048
Last 扇区, +扇区 or +size{K,M,G} (2048-241172479，默认为 241172479)：
将使用默认值 241172479
分区 1 已设置为 Linux 类型，大小设为 115 GiB

命令(输入 m 获取帮助)：wq
The partition table has been altered!

Calling ioctl() to re-read partition table.
正在同步磁盘。
[root@demo ~]# fdisk -l

磁盘 /dev/vda：59.1 GB, 59055800320 字节，115343360 个扇区
Units = 扇区 of 1 * 512 = 512 bytes
扇区大小(逻辑/物理)：512 字节 / 512 字节
I/O 大小(最小/最佳)：512 字节 / 512 字节
磁盘标签类型：dos
磁盘标识符：0x0000efd2

   设备 Boot      Start         End      Blocks   Id  System
/dev/vda1   *        2048   115341311    57669632   83  Linux

磁盘 /dev/vdb：123.5 GB, 123480309760 字节，241172480 个扇区
Units = 扇区 of 1 * 512 = 512 bytes
扇区大小(逻辑/物理)：512 字节 / 512 字节
I/O 大小(最小/最佳)：512 字节 / 512 字节
磁盘标签类型：dos
磁盘标识符：0xb714020b

   设备 Boot      Start         End      Blocks   Id  System
/dev/vdb1            2048   241172479   120585216   83  Linux
~~~

## 3. 数据盘格式化

这里演示选择`ext3`格式

~~~Shell
[root@demo ~]# mkfs.ext3 /dev/vdb1
mke2fs 1.42.9 (28-Dec-2013)
文件系统标签=
OS type: Linux
块大小=4096 (log=2)
分块大小=4096 (log=2)
Stride=0 blocks, Stripe width=0 blocks
7536640 inodes, 30146304 blocks
1507315 blocks (5.00%) reserved for the super user
第一个数据块=0
Maximum filesystem blocks=4294967296
920 block groups
32768 blocks per group, 32768 fragments per group
8192 inodes per group
Superblock backups stored on blocks:
	32768, 98304, 163840, 229376, 294912, 819200, 884736, 1605632, 2654208,
	4096000, 7962624, 11239424, 20480000, 23887872

Allocating group tables: 完成
正在写入inode表: 完成
Creating journal (32768 blocks): 完成
Writing superblocks and filesystem accounting information: 完成
~~~

## 4. 挂载

这里演示挂载在`/data`下

~~~Shell
[root@demo ~]# mkdir /data
[root@demo ~]# mount /dev/vdb1 /data
~~~

至此，已成功将数据盘 `/dev/vdb1` 挂载在 `/data` 下。可执行 `df -h`查看详情:

~~~Shell
[root@demo ~]# df -h
文件系统        容量  已用  可用 已用% 挂载点
/dev/vda1        55G  1.5G   50G    3% /
devtmpfs        1.9G     0  1.9G    0% /dev
tmpfs           1.9G     0  1.9G    0% /dev/shm
tmpfs           1.9G  344K  1.9G    1% /run
tmpfs           1.9G     0  1.9G    0% /sys/fs/cgroup
tmpfs           380M     0  380M    0% /run/user/0
/dev/vdb1       114G   60M  108G    1% /data
~~~